<!DOCTYPE html>
<html lang="pt-BR" class="dark">
    <head>
        <meta charset="utf-8" />
<meta name="viewport" content="width=device-width, initial-scale=1.0" />

<title>
    Log in - AIA Service
</title>

<link rel="icon" href="/favicon.ico" sizes="any">
<link rel="icon" href="/favicon.svg" type="image/svg+xml">
<link rel="apple-touch-icon" href="/apple-touch-icon.png">

<link rel="preconnect" href="https://fonts.bunny.net">
<link href="https://fonts.bunny.net/css?family=instrument-sans:400,500,600" rel="stylesheet" />

<link rel="preload" as="style" href="http://127.0.0.1:8004/build/assets/app-Cc_rska4.css" /><link rel="modulepreload" as="script" href="http://127.0.0.1:8004/build/assets/app-B9uA3mJz.js" /><link rel="stylesheet" href="http://127.0.0.1:8004/build/assets/app-Cc_rska4.css" data-navigate-track="reload" /><script type="module" src="http://127.0.0.1:8004/build/assets/app-B9uA3mJz.js" data-navigate-track="reload"></script><style>
    :root.dark {
        color-scheme: dark;
    }
</style>
<script>
    window.Flux = {
        applyAppearance (appearance) {
            let applyDark = () => document.documentElement.classList.add('dark')
            let applyLight = () => document.documentElement.classList.remove('dark')

            if (appearance === 'system') {
                let media = window.matchMedia('(prefers-color-scheme: dark)')

                window.localStorage.removeItem('flux.appearance')

                media.matches ? applyDark() : applyLight()
            } else if (appearance === 'dark') {
                window.localStorage.setItem('flux.appearance', 'dark')

                applyDark()
            } else if (appearance === 'light') {
                window.localStorage.setItem('flux.appearance', 'light')

                applyLight()
            }
        }
    }

    window.Flux.applyAppearance(window.localStorage.getItem('flux.appearance') || 'system')
</script>
    <!-- Livewire Styles --><style >[wire\:loading][wire\:loading], [wire\:loading\.delay][wire\:loading\.delay], [wire\:loading\.list-item][wire\:loading\.list-item], [wire\:loading\.inline-block][wire\:loading\.inline-block], [wire\:loading\.inline][wire\:loading\.inline], [wire\:loading\.block][wire\:loading\.block], [wire\:loading\.flex][wire\:loading\.flex], [wire\:loading\.table][wire\:loading\.table], [wire\:loading\.grid][wire\:loading\.grid], [wire\:loading\.inline-flex][wire\:loading\.inline-flex] {display: none;}[wire\:loading\.delay\.none][wire\:loading\.delay\.none], [wire\:loading\.delay\.shortest][wire\:loading\.delay\.shortest], [wire\:loading\.delay\.shorter][wire\:loading\.delay\.shorter], [wire\:loading\.delay\.short][wire\:loading\.delay\.short], [wire\:loading\.delay\.default][wire\:loading\.delay\.default], [wire\:loading\.delay\.long][wire\:loading\.delay\.long], [wire\:loading\.delay\.longer][wire\:loading\.delay\.longer], [wire\:loading\.delay\.longest][wire\:loading\.delay\.longest] {display: none;}[wire\:offline][wire\:offline] {display: none;}[wire\:dirty]:not(textarea):not(input):not(select) {display: none;}:root {--livewire-progress-bar-color: #2299dd;}[x-cloak] {display: none !important;}[wire\:cloak] {display: none !important;}dialog#livewire-error::backdrop {background-color: rgba(0, 0, 0, .6);}</style>
</head>
    <body class="min-h-screen bg-white antialiased dark:bg-linear-to-b dark:from-neutral-950 dark:to-neutral-900">
        <div class="bg-background flex min-h-svh flex-col items-center justify-center gap-6 p-6 md:p-10">
            <div class="flex w-full max-w-sm flex-col gap-2">
                <a href="http://127.0.0.1:8004" class="flex flex-col items-center gap-2 font-medium" wire:navigate>
                    <span class="flex h-9 w-9 mb-1 items-center justify-center rounded-md">
                        <svg xmlns="http://www.w3.org/2000/svg" viewBox="0 0 40 42" class="size-9 fill-current text-black dark:text-white">
    <path 
        fill="currentColor" 
        fill-rule="evenodd" 
        clip-rule="evenodd"
        d="M17.2 5.633 8.6.855 0 5.633v26.51l16.2 9 16.2-9v-8.442l7.6-4.223V9.856l-8.6-4.777-8.6 4.777V18.3l-5.6 3.111V5.633ZM38 18.301l-5.6 3.11v-6.157l5.6-3.11V18.3Zm-1.06-7.856-5.54 3.078-5.54-3.079 5.54-3.078 5.54 3.079ZM24.8 18.3v-6.157l5.6 3.111v6.158L24.8 18.3Zm-1 1.732 5.54 3.078-13.14 7.302-5.54-3.078 13.14-7.3v-.002Zm-16.2 7.89 7.6 4.222V38.3L2 30.966V7.92l5.6 3.111v16.892ZM8.6 9.3 3.06 6.222 8.6 3.143l5.54 3.08L8.6 9.3Zm21.8 15.51-13.2 7.334V38.3l13.2-7.334v-6.156ZM9.6 11.034l5.6-3.11v14.6l-5.6 3.11v-14.6Z"
    />
</svg>
                    </span>
                    <span class="sr-only">AIA Service</span>
                </a>
                <div class="flex flex-col gap-6">
                    <div class="flex flex-col gap-6">
        <div class="flex w-full flex-col text-center">
    <div class="font-medium [:where(&amp;)]:text-zinc-800 [:where(&amp;)]:dark:text-white text-2xl [&amp;:has(+[data-flux-subheading])]:mb-2 [[data-flux-subheading]+&amp;]:mt-2" data-flux-heading>Log in to your account</div>
    <div class="text-sm [:where(&amp;)]:text-zinc-500 [:where(&amp;)]:dark:text-white/70" data-flux-subheading>
    Enter your email and password below to log in
</div>
</div>

        <!-- Session Status -->
        
        <form method="POST" action="http://127.0.0.1:8004/login" class="flex flex-col gap-6">
            <input type="hidden" name="_token" value="VjuUg0muxW65ieCwe47kK7iGKz7IR26F0olt7hVR" autocomplete="off">
            <!-- Email Address -->
            <ui-field class="min-w-0 [&amp;:not(:has([data-flux-field])):has([data-flux-control][disabled])&gt;[data-flux-label]]:opacity-50 [&amp;:has(&gt;[data-flux-radio-group][disabled])&gt;[data-flux-label]]:opacity-50 [&amp;:has(&gt;[data-flux-checkbox-group][disabled])&gt;[data-flux-label]]:opacity-50 block *:data-flux-label:mb-3 [&amp;&gt;[data-flux-label]:has(+[data-flux-description])]:mb-2 [&amp;&gt;[data-flux-label]+[data-flux-description]]:mt-0 [&amp;&gt;[data-flux-label]+[data-flux-description]]:mb-3 [&amp;&gt;*:not([data-flux-label])+[data-flux-description]]:mt-3" data-flux-field>
    <ui-label class="inline-flex items-center text-sm font-medium  [:where(&amp;)]:text-zinc-800 [:where(&amp;)]:dark:text-white [&amp;:has([data-flux-label-trailing])]:flex" data-flux-label>
    Email address

    
    
    </ui-label>
        
        
        <div class="w-full relative block group/input" data-flux-input>
            
            <input
                type="email"
                
                class="w-full border rounded-lg block disabled:shadow-none dark:shadow-none appearance-none text-base sm:text-sm py-2 h-10 leading-[1.375rem] ps-3 pe-3 bg-white dark:bg-white/10 dark:disabled:bg-white/[7%] text-zinc-700 disabled:text-zinc-500 placeholder-zinc-400 disabled:placeholder-zinc-400/70 dark:text-zinc-300 dark:disabled:text-zinc-400 dark:placeholder-zinc-400 dark:disabled:placeholder-zinc-500 shadow-xs border-zinc-200 border-b-zinc-300/80 disabled:border-b-zinc-200 dark:border-white/10 dark:disabled:border-white/5 data-invalid:shadow-none data-invalid:border-red-500 dark:data-invalid:border-red-500 disabled:data-invalid:border-red-500 dark:disabled:data-invalid:border-red-500" label="Email address" required="required" autofocus="autofocus" autocomplete="email" placeholder="email@example.com"
                 name="email"                                                                                                 data-flux-control
                data-flux-group-target
                                            >

                    </div>

        
                <div role="alert" aria-live="polite" aria-atomic="true" class="mt-3 text-sm font-medium text-red-500 dark:text-red-400 hidden" data-flux-error>
    </div>
</ui-field>

            <!-- Password -->
            <div class="relative">
                <ui-field class="min-w-0 [&amp;:not(:has([data-flux-field])):has([data-flux-control][disabled])&gt;[data-flux-label]]:opacity-50 [&amp;:has(&gt;[data-flux-radio-group][disabled])&gt;[data-flux-label]]:opacity-50 [&amp;:has(&gt;[data-flux-checkbox-group][disabled])&gt;[data-flux-label]]:opacity-50 block *:data-flux-label:mb-3 [&amp;&gt;[data-flux-label]:has(+[data-flux-description])]:mb-2 [&amp;&gt;[data-flux-label]+[data-flux-description]]:mt-0 [&amp;&gt;[data-flux-label]+[data-flux-description]]:mb-3 [&amp;&gt;*:not([data-flux-label])+[data-flux-description]]:mt-3" data-flux-field>
    <ui-label class="inline-flex items-center text-sm font-medium  [:where(&amp;)]:text-zinc-800 [:where(&amp;)]:dark:text-white [&amp;:has([data-flux-label-trailing])]:flex" data-flux-label>
    Password

    
    
    </ui-label>
        
        
        <div class="w-full relative block group/input" data-flux-input>
            
            <input
                type="password"
                
                class="w-full border rounded-lg block disabled:shadow-none dark:shadow-none appearance-none text-base sm:text-sm py-2 h-10 leading-[1.375rem] ps-3 pe-10 bg-white dark:bg-white/10 dark:disabled:bg-white/[7%] text-zinc-700 disabled:text-zinc-500 placeholder-zinc-400 disabled:placeholder-zinc-400/70 dark:text-zinc-300 dark:disabled:text-zinc-400 dark:placeholder-zinc-400 dark:disabled:placeholder-zinc-500 shadow-xs border-zinc-200 border-b-zinc-300/80 disabled:border-b-zinc-200 dark:border-white/10 dark:disabled:border-white/5 data-invalid:shadow-none data-invalid:border-red-500 dark:data-invalid:border-red-500 disabled:data-invalid:border-red-500 dark:disabled:data-invalid:border-red-500" label="Password" required="required" autocomplete="current-password" placeholder="Password"
                 name="password"                                                                                                 data-flux-control
                data-flux-group-target
                                            >

                            <div class="absolute top-0 bottom-0 flex items-center gap-x-1.5 pe-2 border-e border-transparent end-0 text-xs text-zinc-400">
                    
                    
                    
                    
                    
                    
                                            <button type="button" class="relative items-center font-medium justify-center gap-2 whitespace-nowrap disabled:opacity-75 dark:disabled:opacity-75 disabled:cursor-default disabled:pointer-events-none justify-center h-8 text-sm rounded-md w-8 inline-flex -ms-1.5 -me-1.5 bg-transparent hover:bg-zinc-800/5 dark:hover:bg-white/15 text-zinc-500 hover:text-zinc-800 dark:text-zinc-400 dark:hover:text-white      -me-1" data-flux-button="data-flux-button" x-data="fluxInputViewable" x-on:click="toggle()" x-bind:data-viewable-open="open" aria-label="Toggle password visibility">
        <svg class="shrink-0 [:where(&amp;)]:size-4 hidden [[data-viewable-open]>&]:block" data-flux-icon xmlns="http://www.w3.org/2000/svg" viewBox="0 0 16 16" fill="currentColor" aria-hidden="true" data-slot="icon">
  <path fill-rule="evenodd" d="M3.28 2.22a.75.75 0 0 0-1.06 1.06l10.5 10.5a.75.75 0 1 0 1.06-1.06l-1.322-1.323a7.012 7.012 0 0 0 2.16-3.11.87.87 0 0 0 0-.567A7.003 7.003 0 0 0 4.82 3.76l-1.54-1.54Zm3.196 3.195 1.135 1.136A1.502 1.502 0 0 1 9.45 8.389l1.136 1.135a3 3 0 0 0-4.109-4.109Z" clip-rule="evenodd"/>
  <path d="m7.812 10.994 1.816 1.816A7.003 7.003 0 0 1 1.38 8.28a.87.87 0 0 1 0-.566 6.985 6.985 0 0 1 1.113-2.039l2.513 2.513a3 3 0 0 0 2.806 2.806Z"/>
</svg>

            <svg class="shrink-0 [:where(&amp;)]:size-4 block [[data-viewable-open]>&]:hidden" data-flux-icon xmlns="http://www.w3.org/2000/svg" viewBox="0 0 16 16" fill="currentColor" aria-hidden="true" data-slot="icon">
  <path d="M8 9.5a1.5 1.5 0 1 0 0-3 1.5 1.5 0 0 0 0 3Z"/>
  <path fill-rule="evenodd" d="M1.38 8.28a.87.87 0 0 1 0-.566 7.003 7.003 0 0 1 13.238.006.87.87 0 0 1 0 .566A7.003 7.003 0 0 1 1.379 8.28ZM11 8a3 3 0 1 1-6 0 3 3 0 0 1 6 0Z" clip-rule="evenodd"/>
</svg>
    </button>
                    
                                    </div>
                    </div>

        
                <div role="alert" aria-live="polite" aria-atomic="true" class="mt-3 text-sm font-medium text-red-500 dark:text-red-400 hidden" data-flux-error>
    </div>
</ui-field>

                                    <a class="inline font-medium underline-offset-[6px] hover:decoration-current underline [[data-color]&gt;&amp;]:text-inherit [[data-color]&gt;&amp;]:decoration-current/20 dark:[[data-color]&gt;&amp;]:decoration-current/50 [[data-color]&gt;&amp;]:hover:decoration-current text-[var(--color-accent-content)] decoration-[color-mix(in_oklab,var(--color-accent-content),transparent_80%)] absolute top-0 text-sm end-0" href="http://127.0.0.1:8004/forgot-password" wire:navigate="" data-flux-link >Forgot your password?</a>                            </div>

            <!-- Remember Me -->
            <ui-field class="min-w-0 [&amp;:not(:has([data-flux-field])):has([data-flux-control][disabled])&gt;[data-flux-label]]:opacity-50 [&amp;:has(&gt;[data-flux-radio-group][disabled])&gt;[data-flux-label]]:opacity-50 [&amp;:has(&gt;[data-flux-checkbox-group][disabled])&gt;[data-flux-label]]:opacity-50 grid gap-x-3 gap-y-1.5 has-[[data-flux-label]~[data-flux-control]]:grid-cols-[1fr_auto] has-[[data-flux-control]~[data-flux-label]]:grid-cols-[auto_1fr] [&amp;&gt;[data-flux-control]~[data-flux-description]]:row-start-2 [&amp;&gt;[data-flux-control]~[data-flux-description]]:col-start-2 [&amp;&gt;[data-flux-control]~[data-flux-error]]:col-span-2 [&amp;&gt;[data-flux-control]~[data-flux-error]]:mt-1 [&amp;&gt;[data-flux-label]~[data-flux-control]]:row-start-1 [&amp;&gt;[data-flux-label]~[data-flux-control]]:col-start-2" data-flux-field>
    <ui-checkbox class="flex size-[1.125rem] rounded-[.3rem] mt-px outline-offset-2" label="Remember me"  name="remember"  data-flux-control data-flux-checkbox>
        <div class="shrink-0 size-[1.125rem] rounded-[.3rem] flex justify-center items-center text-sm text-zinc-700 dark:text-zinc-800 shadow-xs [ui-checkbox[disabled]_&amp;]:opacity-75 [ui-checkbox[data-checked][disabled]_&amp;]:opacity-50 [ui-checkbox[disabled]_&amp;]:shadow-none [ui-checkbox[data-checked]_&amp;]:shadow-none [ui-checkbox[data-indeterminate]_&amp;]:shadow-none [ui-checkbox[data-checked]:not([data-indeterminate])_&amp;&gt;svg:first-child]:block [ui-checkbox[data-indeterminate]_&amp;&gt;svg:last-child]:block border border-zinc-300 dark:border-white/10 [ui-checkbox[disabled]_&amp;]:border-zinc-200 dark:[ui-checkbox[disabled]_&amp;]:border-white/5 [ui-checkbox[data-checked]_&amp;]:border-transparent [ui-checkbox[data-indeterminate]_&amp;]:border-transparent [ui-checkbox[disabled][data-checked]_&amp;]:border-transparent [ui-checkbox[disabled][data-indeterminate]_&amp;]:border-transparent [print-color-adjust:exact] bg-white dark:bg-white/10 [ui-checkbox[data-checked]_&amp;]:bg-[var(--color-accent)] hover:[ui-checkbox[data-checked]_&amp;]:bg-(--color-accent) focus:[ui-checkbox[data-checked]_&amp;]:bg-(--color-accent) [ui-checkbox[data-indeterminate]_&amp;]:bg-[var(--color-accent)] hover:[ui-checkbox[data-indeterminate]_&amp;]:bg-(--color-accent) focus:[ui-checkbox[data-indeterminate]_&amp;]:bg-(--color-accent)" data-flux-checkbox-indicator>
    <svg class="shrink-0 [:where(&amp;)]:size-4 hidden text-[var(--color-accent-foreground)]" data-flux-icon xmlns="http://www.w3.org/2000/svg" viewBox="0 0 16 16" fill="currentColor" aria-hidden="true" data-slot="icon">
  <path fill-rule="evenodd" d="M12.416 3.376a.75.75 0 0 1 .208 1.04l-5 7.5a.75.75 0 0 1-1.154.114l-3-3a.75.75 0 0 1 1.06-1.06l2.353 2.353 4.493-6.74a.75.75 0 0 1 1.04-.207Z" clip-rule="evenodd"/>
</svg>

            <svg class="shrink-0 [:where(&amp;)]:size-4 hidden text-[var(--color-accent-foreground)]" data-flux-icon xmlns="http://www.w3.org/2000/svg" viewBox="0 0 16 16" fill="currentColor" aria-hidden="true" data-slot="icon">
  <path d="M3.75 7.25a.75.75 0 0 0 0 1.5h8.5a.75.75 0 0 0 0-1.5h-8.5Z"/>
</svg>

        </div>
    </ui-checkbox>

                    <ui-label class="inline-flex items-center text-sm font-medium  [:where(&amp;)]:text-zinc-800 [:where(&amp;)]:dark:text-white [&amp;:has([data-flux-label-trailing])]:flex" data-flux-label>
    Remember me

    
    
    </ui-label>
        
        
        <div role="alert" aria-live="polite" aria-atomic="true" class="mt-3 text-sm font-medium text-red-500 dark:text-red-400 hidden" data-flux-error>
    </div>
</ui-field>


            <div class="flex items-center justify-end">
                <button type="submit" class="relative items-center font-medium justify-center gap-2 whitespace-nowrap disabled:opacity-75 dark:disabled:opacity-75 disabled:cursor-default disabled:pointer-events-none justify-center h-10 text-sm rounded-lg ps-4 pe-4 inline-flex  bg-[var(--color-accent)] hover:bg-[color-mix(in_oklab,_var(--color-accent),_transparent_10%)] text-[var(--color-accent-foreground)] border border-black/10 dark:border-0 shadow-[inset_0px_1px_--theme(--color-white/.2)] [[data-flux-button-group]_&amp;]:border-e-0 [:is([data-flux-button-group]&gt;&amp;:last-child,_[data-flux-button-group]_:last-child&gt;&amp;)]:border-e-[1px] dark:[:is([data-flux-button-group]&gt;&amp;:last-child,_[data-flux-button-group]_:last-child&gt;&amp;)]:border-e-0 dark:[:is([data-flux-button-group]&gt;&amp;:last-child,_[data-flux-button-group]_:last-child&gt;&amp;)]:border-s-[1px] [:is([data-flux-button-group]&gt;&amp;:not(:first-child),_[data-flux-button-group]_:not(:first-child)&gt;&amp;)]:border-s-[color-mix(in_srgb,var(--color-accent-foreground),transparent_85%)] *:transition-opacity [&amp;[disabled]&gt;:not([data-flux-loading-indicator])]:opacity-0 [&amp;[disabled]&gt;[data-flux-loading-indicator]]:opacity-100 [&amp;[disabled]]:pointer-events-none  w-full" data-flux-button="data-flux-button" data-flux-group-target="data-flux-group-target" data-test="login-button">
        <div class="absolute inset-0 flex items-center justify-center opacity-0" data-flux-loading-indicator>
                <svg class="shrink-0 [:where(&amp;)]:size-4 animate-spin" data-flux-icon xmlns="http://www.w3.org/2000/svg" fill="none" viewBox="0 0 24 24" aria-hidden="true" data-slot="icon">
    <circle class="opacity-25" cx="12" cy="12" r="10" stroke="currentColor" stroke-width="4"></circle>
    <path class="opacity-75" fill="currentColor" d="M4 12a8 8 0 018-8V0C5.373 0 0 5.373 0 12h4zm2 5.291A7.962 7.962 0 014 12H0c0 3.042 1.135 5.824 3 7.938l3-2.647z"></path>
</svg>
                    </div>
        
        
                    
            
            <span>Log in</span>
    </button>
            </div>
        </form>

            </div>
                </div>
            </div>
        </div>
        <div x-persist="toast">
            <ui-toast-group x-data x-on:toast-show.document="$el.showToast($event.detail)" popover="manual" position="bottom end"  wire:ignore>
    <ui-toast x-data x-on:toast-show.document="! $el.closest('ui-toast-group') && $el.showToast($event.detail)" popover="manual" position="bottom end" wire:ignore>
    <template>
        <div class="max-w-sm in-[ui-toast-group]:max-w-auto in-[ui-toast-group]:w-xs sm:in-[ui-toast-group]:w-sm" data-variant="" data-flux-toast-dialog>
            <div class="p-2 flex rounded-xl shadow-lg bg-white border border-zinc-200 border-b-zinc-300/80 dark:bg-zinc-700 dark:border-zinc-600">
                <div class="flex-1 flex items-start gap-4 overflow-hidden">
                    <div class="flex-1 py-1.5 ps-2.5 flex gap-2">
                        
                        <svg xmlns="http://www.w3.org/2000/svg" viewBox="0 0 16 16" fill="currentColor" class="hidden [[data-flux-toast-dialog][data-variant=success]_&]:block shrink-0 mt-0.5 size-4 text-lime-600 dark:text-lime-400">
                            <path fill-rule="evenodd" d="M8 15A7 7 0 1 0 8 1a7 7 0 0 0 0 14Zm3.844-8.791a.75.75 0 0 0-1.188-.918l-3.7 4.79-1.649-1.833a.75.75 0 1 0-1.114 1.004l2.25 2.5a.75.75 0 0 0 1.15-.043l4.25-5.5Z" clip-rule="evenodd" />
                        </svg>

                        
                        <svg xmlns="http://www.w3.org/2000/svg" viewBox="0 0 16 16" fill="currentColor" class="hidden [[data-flux-toast-dialog][data-variant=warning]_&]:block shrink-0 mt-0.5 size-4 text-amber-500 dark:text-amber-400">
                            <path fill-rule="evenodd" d="M6.701 2.25c.577-1 2.02-1 2.598 0l5.196 9a1.5 1.5 0 0 1-1.299 2.25H2.804a1.5 1.5 0 0 1-1.3-2.25l5.197-9ZM8 4a.75.75 0 0 1 .75.75v3a.75.75 0 1 1-1.5 0v-3A.75.75 0 0 1 8 4Zm0 8a1 1 0 1 0 0-2 1 1 0 0 0 0 2Z" clip-rule="evenodd" />
                        </svg>

                        
                        <svg xmlns="http://www.w3.org/2000/svg" viewBox="0 0 16 16" fill="currentColor" class="hidden [[data-flux-toast-dialog][data-variant=danger]_&]:block shrink-0 mt-0.5 size-4 text-rose-500 dark:text-rose-400">
                            <path fill-rule="evenodd" d="M8 15A7 7 0 1 0 8 1a7 7 0 0 0 0 14ZM8 4a.75.75 0 0 1 .75.75v3a.75.75 0 0 1-1.5 0v-3A.75.75 0 0 1 8 4Zm0 8a1 1 0 1 0 0-2 1 1 0 0 0 0 2Z" clip-rule="evenodd" />
                        </svg>

                        <div>
                            
                            <div class="font-medium text-sm text-zinc-800 dark:text-white [&:not(:empty)+div]:font-normal [&:not(:empty)+div]:text-zinc-500 [&:not(:empty)+div]:dark:text-zinc-300 [&:not(:empty)]:pb-2"><slot name="heading"></slot></div>

                            
                            <div class="font-medium text-sm text-zinc-800 dark:text-white"><slot name="text"></slot></div>
                        </div>
                    </div>

                    
                    <ui-close class="flex items-center">
                        <button type="button" class="inline-flex items-center font-medium justify-center gap-2 truncate disabled:opacity-50 dark:disabled:opacity-75 disabled:cursor-default h-8 text-sm rounded-md w-8 bg-transparent hover:bg-zinc-800/5 dark:hover:bg-white/15 text-zinc-400 hover:text-zinc-800 dark:text-zinc-400 dark:hover:text-white" as="button">
                            <div>
                                <svg class="[:where(&)]:size-5" xmlns="http://www.w3.org/2000/svg" viewBox="0 0 20 20" fill="currentColor" aria-hidden="true" data-slot="icon">
                                    <path d="M6.28 5.22a.75.75 0 0 0-1.06 1.06L8.94 10l-3.72 3.72a.75.75 0 1 0 1.06 1.06L10 11.06l3.72 3.72a.75.75 0 1 0 1.06-1.06L11.06 10l3.72-3.72a.75.75 0 0 0-1.06-1.06L10 8.94 6.28 5.22Z"></path>
                                </svg>
                            </div>
                        </button>
                    </ui-close>
                </div>
            </div>
        </div>
    </template>
</ui-toast>
</ui-toast-group>
        </div>

        <script src="http://127.0.0.1:8004/flux/flux.js?id=27098d51" data-navigate-once></script>
    <!-- Livewire Scripts -->
<script src="http://127.0.0.1:8004/livewire-ec51a8af/livewire.js?id=6b3709b1"   data-csrf="VjuUg0muxW65ieCwe47kK7iGKz7IR26F0olt7hVR" data-module-url="http://127.0.0.1:8004/livewire-ec51a8af" data-update-uri="http://127.0.0.1:8004/livewire-ec51a8af/update" data-navigate-once="true"></script>
</body>
</html>
